0 verbose cli /usr/local/bin/node /usr/local/bin/npm
1 info using npm@11.9.0
2 info using node@v25.6.1
3 silly config load:file:/usr/local/lib/node_modules/npm/npmrc
4 silly config load:file:/Users/aryanverma/Library/Application Support/Code/User/globalStorage/ms-edgedevtools.vscode-edge-devtools/.npmrc
5 silly config load:file:/Users/aryanverma/.npmrc
6 silly config load:file:/usr/local/etc/npmrc
7 verbose title npm install @hint/configuration-development@latest hint@latest typescript@latest
8 verbose argv "install" "@hint/configuration-development@latest" "hint@latest" "typescript@latest" "--save-dev" "--loglevel" "verbose"
9 verbose logfile logs-max:10 dir:/Users/aryanverma/.npm/_logs/2026-07-27T07_48_42_669Z-
10 verbose logfile /Users/aryanverma/.npm/_logs/2026-07-27T07_48_42_669Z-debug-0.log
11 silly logfile done cleaning log files
12 silly packumentCache heap:2348810240 maxSize:587202560 maxEntrySize:293601280
13 silly packumentCache corgi:https://registry.npmjs.org/@hint%2fconfiguration-development cache-miss
14 silly packumentCache corgi:https://registry.npmjs.org/hint cache-miss
15 silly packumentCache corgi:https://registry.npmjs.org/typescript cache-miss
16 http fetch GET https://registry.npmjs.org/@hint%2fconfiguration-development attempt 1 failed with SELF_SIGNED_CERT_IN_CHAIN
17 http fetch GET https://registry.npmjs.org/typescript attempt 1 failed with SELF_SIGNED_CERT_IN_CHAIN
18 http fetch GET https://registry.npmjs.org/hint attempt 1 failed with SELF_SIGNED_CERT_IN_CHAIN
19 http fetch GET https://registry.npmjs.org/hint attempt 2 failed with SELF_SIGNED_CERT_IN_CHAIN
20 http fetch GET https://registry.npmjs.org/@hint%2fconfiguration-development attempt 2 failed with SELF_SIGNED_CERT_IN_CHAIN
21 http fetch GET https://registry.npmjs.org/typescript attempt 2 failed with SELF_SIGNED_CERT_IN_CHAIN
22 http fetch GET https://registry.npmjs.org/hint attempt 3 failed with SELF_SIGNED_CERT_IN_CHAIN
23 http fetch GET https://registry.npmjs.org/@hint%2fconfiguration-development attempt 3 failed with SELF_SIGNED_CERT_IN_CHAIN
24 http fetch GET https://registry.npmjs.org/typescript attempt 3 failed with SELF_SIGNED_CERT_IN_CHAIN
25 verbose type system
26 verbose stack FetchError: request to https://registry.npmjs.org/hint failed, reason: self-signed certificate in certificate chain
26 verbose stack     at ClientRequest.<anonymous> (/usr/local/lib/node_modules/npm/node_modules/minipass-fetch/lib/index.js:130:14)
26 verbose stack     at ClientRequest.emit (node:events:508:20)
26 verbose stack     at emitErrorEvent (node:_http_client:108:11)
26 verbose stack     at _destroy (node:_http_client:963:9)
26 verbose stack     at onSocketNT (node:_http_client:983:5)
26 verbose stack     at process.processTicksAndRejections (node:internal/process/task_queues:91:21)
27 error code SELF_SIGNED_CERT_IN_CHAIN
28 error errno SELF_SIGNED_CERT_IN_CHAIN
29 error request to https://registry.npmjs.org/hint failed, reason: self-signed certificate in certificate chain
30 silly unfinished npm timer reify 1785138523019
31 silly unfinished npm timer reify:loadTrees 1785138523022
32 silly unfinished npm timer idealTree:userRequests 1785138523176
33 verbose cwd /Users/aryanverma/Library/Application Support/Code/User/globalStorage/ms-edgedevtools.vscode-edge-devtools
34 verbose os Darwin 25.2.0
35 verbose node v25.6.1
36 verbose npm  v11.9.0
37 verbose exit 1
38 verbose code 1
39 error A complete log of this run can be found in: /Users/aryanverma/.npm/_logs/2026-07-27T07_48_42_669Z-debug-0.log
